// Jest Snapshot v1, https://goo.gl/fbAQLP

exports[`snapshot 1`] = `
<RCTScrollView>
  <View>
    <View
      style={
        Object {
          "marginLeft": "7.5%",
          "width": "85%",
        }
      }
    >
      <Text
        style={
          Object {
            "fontSize": 33,
            "fontWeight": "bold",
            "marginBottom": 10,
            "marginTop": 20,
            "textAlign": "center",
          }
        }
      >
        Rejestracja
      </Text>
      <Text
        style={
          Object {
            "fontSize": 16,
            "fontWeight": "900",
            "marginBottom": 5,
            "marginLeft": "5%",
            "marginTop": 10,
          }
        }
      >
        Imię
      </Text>
      <TextInput
        allowFontScaling={true}
        onChangeText={[Function]}
        placeholderStyle={Object {}}
        placeholderTextColor="#000"
        rejectResponderTermination={true}
        style={
          Array [
            Object {
              "backgroundColor": "#E2E1E1",
              "borderRadius": 40,
              "marginBottom": 10,
              "paddingHorizontal": 20,
              "paddingVertical": 10,
              "width": "100%",
            },
            null,
          ]
        }
        underlineColorAndroid="transparent"
      />
      <View>
        <Text
          style={
            Object {
              "fontSize": 16,
              "fontWeight": "900",
              "marginBottom": 5,
              "marginLeft": "5%",
              "marginTop": 10,
            }
          }
        >
          Nazwisko
        </Text>
        <TextInput
          allowFontScaling={true}
          onChangeText={[Function]}
          placeholderStyle={Object {}}
          placeholderTextColor="#000"
          rejectResponderTermination={true}
          style={
            Array [
              Object {
                "backgroundColor": "#E2E1E1",
                "borderRadius": 40,
                "marginBottom": 10,
                "paddingHorizontal": 20,
                "paddingVertical": 10,
                "width": "100%",
              },
              null,
            ]
          }
          underlineColorAndroid="transparent"
        />
      </View>
      <View>
        <Text
          style={
            Object {
              "fontSize": 16,
              "fontWeight": "900",
              "marginBottom": 5,
              "marginLeft": "5%",
              "marginTop": 10,
            }
          }
        >
          Adres e-mail
        </Text>
        <TextInput
          allowFontScaling={true}
          autoCapitalize="none"
          onChangeText={[Function]}
          placeholderStyle={Object {}}
          placeholderTextColor="#000"
          rejectResponderTermination={true}
          style={
            Array [
              Object {
                "backgroundColor": "#E2E1E1",
                "borderRadius": 40,
                "marginBottom": 10,
                "paddingHorizontal": 20,
                "paddingVertical": 10,
                "width": "100%",
              },
              null,
            ]
          }
          underlineColorAndroid="transparent"
        />
      </View>
      <View>
        <Text
          style={
            Object {
              "fontSize": 16,
              "fontWeight": "900",
              "marginBottom": 5,
              "marginLeft": "5%",
              "marginTop": 10,
            }
          }
        >
          Hasło
        </Text>
        <View
          style={
            Array [
              Object {
                "backgroundColor": "#E2E1E1",
                "borderRadius": 40,
                "flexDirection": "row",
                "marginBottom": 15,
                "paddingHorizontal": 20,
                "paddingVertical": 10,
                "width": "100%",
              },
              null,
            ]
          }
        >
          <TextInput
            allowFontScaling={true}
            autoCapitalize="none"
            onChangeText={[Function]}
            placeholderTextColor="#000"
            rejectResponderTermination={true}
            secureTextEntry={true}
            style={
              Object {
                "flex": 1,
              }
            }
            underlineColorAndroid="transparent"
          />
          <View
            accessible={true}
            focusable={true}
            onClick={[Function]}
            onResponderGrant={[Function]}
            onResponderMove={[Function]}
            onResponderRelease={[Function]}
            onResponderTerminate={[Function]}
            onResponderTerminationRequest={[Function]}
            onStartShouldSetResponder={[Function]}
            style={
              Object {
                "opacity": 1,
              }
            }
          >
            <Text />
          </View>
        </View>
        <Text
          style={
            Array [
              Object {
                "color": "black",
                "fontSize": 15,
                "marginBottom": 10,
                "marginLeft": "5%",
              },
              null,
            ]
          }
        >
          min. 8 znaków • wielka litera • mała litera • cyfra • znak specjalny
        </Text>
      </View>
      <View>
        <Text
          style={
            Object {
              "fontSize": 16,
              "fontWeight": "900",
              "marginBottom": 5,
              "marginLeft": "5%",
              "marginTop": 10,
            }
          }
        >
          Potwierdź hasło
        </Text>
        <View
          style={
            Array [
              Object {
                "backgroundColor": "#E2E1E1",
                "borderRadius": 40,
                "flexDirection": "row",
                "marginBottom": 15,
                "paddingHorizontal": 20,
                "paddingVertical": 10,
                "width": "100%",
              },
              null,
            ]
          }
        >
          <TextInput
            allowFontScaling={true}
            autoCapitalize="none"
            onChangeText={[Function]}
            placeholderTextColor="#000"
            rejectResponderTermination={true}
            secureTextEntry={true}
            style={
              Object {
                "flex": 1,
              }
            }
            underlineColorAndroid="transparent"
          />
          <View
            accessible={true}
            focusable={true}
            onClick={[Function]}
            onResponderGrant={[Function]}
            onResponderMove={[Function]}
            onResponderRelease={[Function]}
            onResponderTerminate={[Function]}
            onResponderTerminationRequest={[Function]}
            onStartShouldSetResponder={[Function]}
            style={
              Object {
                "opacity": 1,
              }
            }
          >
            <Text />
          </View>
        </View>
      </View>
      <View
        style={
          Object {
            "alignItems": "center",
            "marginBottom": 20,
            "marginTop": 10,
          }
        }
      >
        <View
          accessible={true}
          focusable={true}
          onClick={[Function]}
          onResponderGrant={[Function]}
          onResponderMove={[Function]}
          onResponderRelease={[Function]}
          onResponderTerminate={[Function]}
          onResponderTerminationRequest={[Function]}
          onStartShouldSetResponder={[Function]}
          style={
            Object {
              "alignItems": "center",
              "backgroundColor": "#362893",
              "borderRadius": 20,
              "flexDirection": "row",
              "height": 50,
              "justifyContent": "center",
              "opacity": 1,
              "padding": 10,
              "width": "50%",
            }
          }
        >
          <Text
            style={
              Object {
                "color": "#fff",
                "fontSize": 16,
              }
            }
          >
            Utwórz konto
          </Text>
        </View>
        <View
          accessible={true}
          focusable={true}
          onClick={[Function]}
          onResponderGrant={[Function]}
          onResponderMove={[Function]}
          onResponderRelease={[Function]}
          onResponderTerminate={[Function]}
          onResponderTerminationRequest={[Function]}
          onStartShouldSetResponder={[Function]}
          style={
            Object {
              "opacity": 1,
            }
          }
        >
          <Text
            style={
              Object {
                "color": "#69667C",
                "fontSize": 15,
                "fontWeight": "bold",
                "marginTop": 10,
              }
            }
          >
            Masz już konto?
          </Text>
        </View>
      </View>
    </View>
  </View>
</RCTScrollView>
`;
